{
  "version": "1.5.0",
  "plugins_used": [
    {
      "name": "ArtifactoryDetector"
    },
    {
      "name": "AWSKeyDetector"
    },
    {
      "name": "AzureStorageKeyDetector"
    },
    {
      "name": "Base64HighEntropyString",
      "limit": 4.5
    },
    {
      "name": "BasicAuthDetector"
    },
    {
      "name": "CloudantDetector"
    },
    {
      "name": "DiscordBotTokenDetector"
    },
    {
      "name": "GitHubTokenDetector"
    },
    {
      "name": "HexHighEntropyString",
      "limit": 3.0
    },
    {
      "name": "IbmCloudIamDetector"
    },
    {
      "name": "IbmCosHmacDetector"
    },
    {
      "name": "JwtTokenDetector"
    },
    {
      "name": "KeywordDetector",
      "keyword_exclude": ""
    },
    {
      "name": "MailchimpDetector"
    },
    {
      "name": "NpmDetector"
    },
    {
      "name": "PrivateKeyDetector"
    },
    {
      "name": "SendGridDetector"
    },
    {
      "name": "SlackDetector"
    },
    {
      "name": "SoftlayerDetector"
    },
    {
      "name": "SquareOAuthDetector"
    },
    {
      "name": "StripeDetector"
    },
    {
      "name": "TwilioKeyDetector"
    }
  ],
  "filters_used": [
    {
      "path": "detect_secrets.filters.allowlist.is_line_allowlisted"
    },
    {
      "path": "detect_secrets.filters.common.is_baseline_file",
      "filename": ".secrets.baseline"
    },
    {
      "path": "detect_secrets.filters.common.is_ignored_due_to_verification_policies",
      "min_level": 2
    },
    {
      "path": "detect_secrets.filters.heuristic.is_indirect_reference"
    },
    {
      "path": "detect_secrets.filters.heuristic.is_likely_id_string"
    },
    {
      "path": "detect_secrets.filters.heuristic.is_lock_file"
    },
    {
      "path": "detect_secrets.filters.heuristic.is_not_alphanumeric_string"
    },
    {
      "path": "detect_secrets.filters.heuristic.is_potential_uuid"
    },
    {
      "path": "detect_secrets.filters.heuristic.is_prefixed_with_dollar_sign"
    },
    {
      "path": "detect_secrets.filters.heuristic.is_sequential_string"
    },
    {
      "path": "detect_secrets.filters.heuristic.is_swagger_file"
    },
    {
      "path": "detect_secrets.filters.heuristic.is_templated_secret"
    }
  ],
  "results": {
    "dev/config/cert-manager/selfsigned-issuer.yaml": [
      {
        "type": "Secret Keyword",
        "filename": "dev/config/cert-manager/selfsigned-issuer.yaml",
        "hashed_secret": "9e15b49ae9273034c5f2c854d827a132270b822f",
        "is_verified": false,
        "line_number": 16
      }
    ],
    "dev/config/keycloak/ingress.yaml": [
      {
        "type": "Secret Keyword",
        "filename": "dev/config/keycloak/ingress.yaml",
        "hashed_secret": "f072ba74923b47e0860d48e95bfd7af7cee507eb",
        "is_verified": false,
        "line_number": 23
      }
    ],
    "docs/KEYCLOAK_OIDC_SETUP.md": [
      {
        "type": "Secret Keyword",
        "filename": "docs/KEYCLOAK_OIDC_SETUP.md",
        "hashed_secret": "c3ecbf70b781d07f8df5b51eb89dd5ea8e94dd6d",
        "is_verified": false,
        "line_number": 64
      },
      {
        "type": "Secret Keyword",
        "filename": "docs/KEYCLOAK_OIDC_SETUP.md",
        "hashed_secret": "d033e22ae348aeb5660fc2140aec35850c4da997",
        "is_verified": false,
        "line_number": 220
      }
    ],
    "evals/claude-code/eval-inline.yaml": [
      {
        "type": "Secret Keyword",
        "filename": "evals/claude-code/eval-inline.yaml",
        "hashed_secret": "6b23c8225debced186634cfd4cf88582185d1e9e",
        "is_verified": false,
        "line_number": 12
      }
    ],
    "evals/claude-code/eval.yaml": [
      {
        "type": "Secret Keyword",
        "filename": "evals/claude-code/eval.yaml",
        "hashed_secret": "6b23c8225debced186634cfd4cf88582185d1e9e",
        "is_verified": false,
        "line_number": 12
      }
    ],
    "evals/openai-agent/eval-inline.yaml": [
      {
        "type": "Secret Keyword",
        "filename": "evals/openai-agent/eval-inline.yaml",
        "hashed_secret": "6b23c8225debced186634cfd4cf88582185d1e9e",
        "is_verified": false,
        "line_number": 16
      }
    ],
    "evals/openai-agent/eval.yaml": [
      {
        "type": "Secret Keyword",
        "filename": "evals/openai-agent/eval.yaml",
        "hashed_secret": "6b23c8225debced186634cfd4cf88582185d1e9e",
        "is_verified": false,
        "line_number": 12
      }
    ],
    "evals/tasks/list-images-for-pods/artifacts/manifest.yaml": [
      {
        "type": "Secret Keyword",
        "filename": "evals/tasks/list-images-for-pods/artifacts/manifest.yaml",
        "hashed_secret": "5fc7a50f63ca606d2dc546f0cdf146c1a3409246",
        "is_verified": false,
        "line_number": 8
      }
    ],
    "internal/test/mock_server.go": [
      {
        "type": "Secret Keyword",
        "filename": "internal/test/mock_server.go",
        "hashed_secret": "1524969e273e324c2790e625da22c0ef1899cad5",
        "is_verified": false,
        "line_number": 76
      }
    ],
    "pkg/http/authorization_test.go": [
      {
        "type": "JSON Web Token",
        "filename": "pkg/http/authorization_test.go",
        "hashed_secret": "298489cb01fe877872b2513b6f0fc4fa76e96efb",
        "is_verified": false,
        "line_number": 11
      },
      {
        "type": "JSON Web Token",
        "filename": "pkg/http/authorization_test.go",
        "hashed_secret": "98d041fe922564506832fe38dedf3bcc96d03474",
        "is_verified": false,
        "line_number": 13
      },
      {
        "type": "JSON Web Token",
        "filename": "pkg/http/authorization_test.go",
        "hashed_secret": "cb2b1e314cc0bbf5968bda4a13a551900063ae8b",
        "is_verified": false,
        "line_number": 15
      }
    ],
    "pkg/http/http_authorization_test.go": [
      {
        "type": "Secret Keyword",
        "filename": "pkg/http/http_authorization_test.go",
        "hashed_secret": "b67b3f0a276c765e83f44253a2c40736c1798d6c",
        "is_verified": false,
        "line_number": 449
      }
    ],
    "pkg/mcp/helm_test.go": [
      {
        "type": "Secret Keyword",
        "filename": "pkg/mcp/helm_test.go",
        "hashed_secret": "a754caf07413dc97289137daa35ab7593cd9047c",
        "is_verified": false,
        "line_number": 333
      }
    ],
    "pkg/mcp/resources_test.go": [
      {
        "type": "Secret Keyword",
        "filename": "pkg/mcp/resources_test.go",
        "hashed_secret": "a76c2c9aef388a4666189c47d58d163880a48005",
        "is_verified": false,
        "line_number": 456
      }
    ]
  },
  "generated_at": "2025-12-08T10:04:25Z"
}
